2026-09-22 18:04:50 | INFO | Python       3.12.3
2026-09-22 18:04:50 | INFO | Interpreter  C:\AAAsantiago\IU Data Science\Semestres\6 Sexto semestre\Model Engineering\Code\IU_Model_Engineering\.venv\Scripts\python.exe
2026-09-22 18:04:50 | INFO | numpy        2.5.3
2026-09-22 18:04:50 | INFO | pandas       3.0.5
2026-09-22 18:04:50 | INFO | scikit-learn 1.9.1
2026-09-22 18:04:50 | INFO | matplotlib   3.11.2
2026-09-22 18:04:50 | INFO | Project root C:\AAAsantiago\IU Data Science\Semestres\6 Sexto semestre\Model Engineering\Code\IU_Model_Engineering
2026-09-22 18:04:50 | INFO | Raw data     SMSSpamCollection.csv (477907 bytes)
2026-09-22 18:04:50 | INFO | SHA-256      7d039a24a6083ed9ef0f806ebad56bbb976e3aeb8de05669173bfdc4996c239d
2026-09-22 18:04:50 | INFO | SHA-256 check passed: raw data file is unmodified
2026-09-22 18:04:50 | INFO | Non-empty lines in raw file: 5574
2026-09-22 18:04:50 | INFO | Loaded with explicit settings: 5574 rows, 2 columns
2026-09-22 18:04:50 | INFO | Loaded with default quote handling: 5572 rows (2 messages lost, 1 row(s) with merged lines)
2026-09-22 18:04:50 | INFO | ham : 4827 messages (86.6%) | documented: 4827
2026-09-22 18:04:50 | INFO | spam: 747 messages (13.4%) | documented: 747
2026-09-22 18:04:50 | INFO | Structural checks passed: row count, label values and label counts match
2026-09-22 18:04:51 | INFO | All messages:    ham 4827, spam 747 (spam share 13.4%)
2026-09-22 18:04:51 | INFO | Unique messages: ham 4518, spam 653 (spam share 12.6%)
2026-09-22 18:04:51 | INFO | Saved tab_data_quality.csv
2026-09-22 18:04:52 | INFO | Saved tab_message_length.csv
2026-09-22 18:04:55 | INFO | Saved fig_class_balance.png
2026-09-22 18:04:56 | INFO | Saved fig_data_quality_issues.png
2026-09-22 18:04:56 | INFO | Messages longer than 300 characters (not shown): ham 40, spam 0
2026-09-22 18:04:56 | INFO | Saved fig_message_length.png
2026-09-22 18:04:58 | INFO | Messages changed by cleaning: 553 (ham 520, spam 33)
2026-09-22 18:04:58 | INFO | Messages empty after cleaning (removed): 0
2026-09-22 18:04:58 | INFO | Messages with conflicting labels after cleaning: 0
2026-09-22 18:04:58 | INFO | Duplicates removed: 414 (exact duplicates in raw data: 403; additional after cleaning: 11)
2026-09-22 18:04:58 | INFO | Remaining placeholders:      0
2026-09-22 18:04:58 | INFO | Remaining HTML escapes:      0
2026-09-22 18:04:58 | INFO | Remaining control characters: 0
2026-09-22 18:04:58 | INFO | Prepared data: 5160 messages (642 spam). Saved tab_data_preparation.csv
2026-09-22 18:05:00 | INFO | Training set: 4128 messages, 514 spam (12.5%)
2026-09-22 18:05:00 | INFO | Test     set: 1032 messages, 128 spam (12.4%)
2026-09-22 18:05:00 | INFO | No message appears in both sets
2026-09-22 18:05:01 | INFO | Always ham (baseline)              AP 0.125 | ROC AUC 0.500 | F1 0.000
2026-09-22 18:05:01 | INFO | Word counts + Naive Bayes          AP 0.954 | ROC AUC 0.972 | F1 0.936
2026-09-22 18:05:02 | INFO | TF-IDF + Naive Bayes               AP 0.943 | ROC AUC 0.976 | F1 0.739
2026-09-22 18:05:02 | INFO | Word counts + Logistic Regression  AP 0.955 | ROC AUC 0.980 | F1 0.900
2026-09-22 18:05:03 | INFO | TF-IDF + Logistic Regression       AP 0.960 | ROC AUC 0.986 | F1 0.834
2026-09-22 18:05:03 | INFO | Saved tab_model_comparison.csv
2026-09-22 18:05:04 | INFO | Model trained on 4128 messages; vocabulary: 7671 words
2026-09-22 18:05:06 | INFO | Average precision: 0.961
2026-09-22 18:05:06 | INFO | ROC AUC:           0.993
2026-09-22 18:05:06 | INFO | Accuracy at 0.5:   0.960
2026-09-22 18:05:06 | INFO | Precision at 0.5:  0.968
2026-09-22 18:05:06 | INFO | Recall at 0.5:     0.703
2026-09-22 18:05:06 | INFO | F1 at 0.5:         0.814
2026-09-22 18:05:06 | INFO | Confusion matrix at threshold 0.50: TN 901, FP 3, FN 38, TP 90
2026-09-22 18:05:06 | INFO | Spam reaching the channel: 38 of 128 | legitimate messages held back: 3 of 904
2026-09-22 18:05:07 | INFO | Saved fig_test_curves.png
2026-09-22 18:05:09 | INFO | Low risk (very restrictive)  target recall 0.98 -> threshold 0.073
2026-09-22 18:05:09 | INFO | Medium risk                  target recall 0.90 -> threshold 0.245
2026-09-22 18:05:09 | INFO | High risk (not restrictive)  target recall 0.80 -> threshold 0.395
2026-09-22 18:05:09 | INFO | Saved tab_risk_levels.csv
2026-09-22 18:05:10 | INFO | Saved fig_risk_levels.png
2026-09-22 18:05:11 | INFO | Saved fig_top_words.png
2026-09-22 18:05:12 | INFO | At Medium risk (threshold 0.245): 10 spam displayed, 11 legitimate messages held back
2026-09-22 18:05:12 | INFO | Legitimate held back: 0 of 11 examples hidden as explicit
2026-09-22 18:05:12 | INFO | Spam displayed: 4 of 10 examples hidden as explicit
2026-09-22 18:05:12 | INFO | Saved tab_error_examples.csv
2026-09-22 18:05:13 | INFO | Saved tab_error_profile.csv
2026-09-22 18:05:15 | INFO | Saved spam_filter.joblib (212 kB) and spam_filter_card.json
2026-09-22 18:05:15 | INFO | Saved tab_deployment_demo.csv
2026-09-22 18:05:16 | INFO | Saved tab_monitoring_baseline.csv
2026-09-22 18:05:18 | INFO | Notebook finished: 19 output files in 3 folders
